[0.033s][info][gc] Using Serial
[1.114s][info][gc] GC(0) Pause Young (Allocation Failure) 3M->1M(11M) 9.293ms
[21.428s][info][gc] GC(1) Pause Young (Allocation Failure) 5M->2M(11M) 5.512ms
[25.981s][info][gc] GC(2) Pause Young (Allocation Failure) 5M->3M(11M) 9.980ms
[44.833s][info][gc] GC(3) Pause Young (Allocation Failure) 5M->3M(11M) 2.479ms
[65.014s][info][gc] GC(4) Pause Young (Allocation Failure) 6M->4M(11M) 1.705ms
[91.034s][info][gc] GC(5) Pause Young (Allocation Failure) 7M->4M(11M) 2.695ms
[121.057s][info][gc] GC(6) Pause Young (Allocation Failure) 7M->4M(11M) 2.705ms
[142.218s][info][gc] GC(7) Pause Young (Allocation Failure) 7M->5M(11M) 1.438ms
[174.078s][info][gc] GC(8) Pause Young (Allocation Failure) 8M->5M(11M) 0.755ms
[205.094s][info][gc] GC(9) Pause Young (Allocation Failure) 8M->5M(11M) 0.739ms
[236.260s][info][gc] GC(10) Pause Young (Allocation Failure) 8M->5M(11M) 0.796ms
[268.136s][info][gc] GC(11) Pause Young (Allocation Failure) 8M->5M(11M) 0.903ms
[299.161s][info][gc] GC(12) Pause Young (Allocation Failure) 8M->5M(11M) 2.574ms
[330.950s][info][gc] GC(13) Pause Young (Allocation Failure) 8M->5M(11M) 2.803ms
[358.436s][info][gc] GC(14) Pause Young (Allocation Failure) 7M->5M(11M) 2.481ms
[380.996s][info][gc] GC(15) Pause Young (Allocation Failure) 8M->5M(11M) 2.545ms
[412.323s][info][gc] GC(16) Pause Young (Allocation Failure) 8M->5M(11M) 2.938ms
[444.051s][info][gc] GC(17) Pause Young (Allocation Failure) 8M->5M(11M) 2.891ms
[453.733s][info][gc] GC(18) Pause Young (Allocation Failure) 8M->6M(11M) 1.926ms
[453.759s][info][gc] GC(19) Pause Young (Allocation Failure) 9M->6M(11M) 0.882ms
[453.792s][info][gc] GC(20) Pause Young (Allocation Failure) 9M->6M(11M) 0.723ms
[453.798s][info][gc] GC(21) Pause Young (Allocation Failure) 9M->6M(11M) 0.718ms
[453.805s][info][gc] GC(22) Pause Young (Allocation Failure) 9M->6M(11M) 0.894ms
[453.810s][info][gc] GC(23) Pause Young (Allocation Failure) 10M->6M(11M) 0.335ms
[453.816s][info][gc] GC(24) Pause Young (Allocation Failure) 10M->7M(11M) 0.429ms
[453.825s][info][gc] GC(25) Pause Young (Allocation Failure) 10M->7M(11M) 0.752ms
[454.063s][info][gc] GC(26) Pause Young (Allocation Failure) 10M->7M(11M) 1.325ms
[485.340s][info][gc] GC(27) Pause Young (Allocation Failure) 10M->7M(11M) 1.241ms
[517.103s][info][gc] GC(28) Pause Young (Allocation Failure) 10M->7M(11M) 1.291ms
[549.140s][info][gc] GC(29) Pause Young (Allocation Failure) 10M->7M(11M) 1.224ms
[569.260s][info][gc] GC(30) Pause Young (Allocation Failure) 10M->7M(11M) 1.488ms
[569.269s][info][gc] GC(31) Pause Young (Allocation Failure) 11M->11M(11M) 0.071ms
[569.358s][info][gc] GC(32) Pause Full (Allocation Failure) 11M->5M(11M) 88.686ms
[569.366s][info][gc] GC(33) Pause Young (Allocation Failure) 8M->5M(11M) 0.745ms
[569.372s][info][gc] GC(34) Pause Young (Allocation Failure) 8M->5M(11M) 0.541ms
[569.378s][info][gc] GC(35) Pause Young (Allocation Failure) 8M->5M(11M) 0.493ms
[569.386s][info][gc] GC(36) Pause Young (Allocation Failure) 8M->6M(11M) 0.533ms
[569.392s][info][gc] GC(37) Pause Young (Allocation Failure) 9M->6M(11M) 0.351ms
[569.398s][info][gc] GC(38) Pause Young (Allocation Failure) 9M->6M(11M) 0.414ms
[569.404s][info][gc] GC(39) Pause Young (Allocation Failure) 9M->6M(11M) 0.434ms
[580.167s][info][gc] GC(40) Pause Young (Allocation Failure) 9M->6M(11M) 2.018ms
[611.379s][info][gc] GC(41) Pause Young (Allocation Failure) 9M->6M(11M) 1.596ms
[641.224s][info][gc] GC(42) Pause Young (Allocation Failure) 9M->6M(11M) 1.840ms
[671.389s][info][gc] GC(43) Pause Young (Allocation Failure) 9M->6M(11M) 1.924ms
