[2.001s][info][gc] Using The Z Garbage Collector
[5.957s][info][gc] GC(0) Garbage Collection (Warmup) 2M(11%)->4M(22%)
[6.144s][info][gc] GC(1) Garbage Collection (Warmup) 4M(22%)->4M(22%)
[6.349s][info][gc] GC(2) Garbage Collection (Allocation Rate) 4M(22%)->4M(22%)
[6.431s][info][gc] GC(3) Garbage Collection (Allocation Rate) 4M(22%)->4M(22%)
[6.711s][info][gc] GC(4) Garbage Collection (Allocation Rate) 4M(22%)->4M(22%)
[6.926s][info][gc] GC(5) Garbage Collection (Allocation Rate) 4M(22%)->4M(22%)
[7.128s][info][gc] GC(6) Garbage Collection (Allocation Rate) 4M(22%)->4M(22%)
[7.220s][info][gc] GC(7) Garbage Collection (Allocation Rate) 4M(22%)->4M(22%)
[7.485s][info][gc] GC(8) Garbage Collection (Allocation Rate) 4M(22%)->4M(22%)
[9.327s][info][gc] GC(9) Garbage Collection (Warmup) 6M(33%)->6M(33%)
[22.733s][info][gc] GC(10) Garbage Collection (Proactive) 8M(44%)->6M(33%)
